Microchip MPLAB XC8 Compiler V2.00 ()

Linker command line:

-W-3 --edf=C:\Program Files (x86)\Microchip\xc8\v2.00\pic\dat\en_msgs.txt \
  -cs -h+dist/default/production\sequenciadorProg.X.production.sym \
  --cmf=dist/default/production\sequenciadorProg.X.production.cmf -z \
  -Q16F887 -oC:\Users\18175218\AppData\Local\Temp\s3r0.2 \
  -Mdist/default/production/sequenciadorProg.X.production.map -E1 -ver=XC8 \
  --acfsm=1493 -ASTACK=0110h-016fh -pstack=STACK -ACODE=00h-07FFhx4 \
  -ASTRCODE=00h-01FFFh -ASTRING=00h-0FFhx32 -ACONST=00h-0FFhx32 \
  -AENTRY=00h-0FFhx32 -ACOMMON=070h-07Fh -ABANK0=020h-06Fh \
  -ABANK1=0A0h-0EFh -ABANK2=0110h-016Fh -ABANK3=0190h-01EFh \
  -ARAM=020h-06Fh,0A0h-0EFh,0110h-016Fh,0190h-01EFh \
  -AABS1=020h-07Fh,0A0h-0EFh,0110h-016Fh,0190h-01EFh -ASFR0=00h-01Fh \
  -ASFR1=080h-09Fh -ASFR2=0100h-010Fh -ASFR3=0180h-018Fh \
  -preset_vec=00h,intentry,init,end_init -ppowerup=CODE -pcinit=CODE \
  -pfunctab=ENTRY -ACONFIG=02007h-02008h -pconfig=CONFIG -DCONFIG=2 \
  -AIDLOC=02000h-02003h -pidloc=IDLOC -DIDLOC=2 -AEEDATA=00h-0FFh/02100h \
  -peeprom_data=EEDATA -DEEDATA=2 -DCODE=2 -DSTRCODE=2 -DSTRING=2 -DCONST=2 \
  -DENTRY=2 -k C:\Users\18175218\AppData\Local\Temp\s3r0.o \
  dist/default/production\sequenciadorProg.X.production.o 

Object code version is 3.11

Machine type is 16F887



                Name                               Link     Load   Length Selector   Space Scale
C:\Users\18175218\AppData\Local\Temp\s3r0.o
                end_init                              0        0        3        0       0
                config                             2007     2007        1     400E       0
dist/default/production\sequenciadorProg.X.production.o
                cinit                               7F1      7F1        F      FE2       0
                text18                              2D9      2D9       5F      5B2       0
                text17                              126      126        7      24C       0
                text16                              117      117        5      22E       0
                text15                              185      185       21      30A       0
                text14                              114      114        3      228       0
                text13                              156      156       17      2AC       0
                text12                              143      143       13      286       0
                text11                              29A      29A       3F      534       0
                text10                              1F5      1F5       34      3EA       0
                text9                               338      338       7F      670       0
                text8                               11C      11C        5      238       0
                text7                               135      135        E      26A       0
                text6                               1CA      1CA       2B      394       0
                text5                               121      121        5      242       0
                text4                               25D      25D       3D      4BA       0
                text3                               16D      16D       18      2DA       0
                text2                               229      229       34      452       0
                text1                               1A6      1A6       24      34C       0
                maintext                            3B7      3B7      43A      76E       0
                cstackBANK0                          35       35        D       20       1
                cstackCOMMON                         70       70        C       70       1
                clrtext                             12D      12D        8      25A       0
                bssBANK0                             20       20       15       20       1
                bssCOMMON                            7C       7C        2       70       1
                strings                               3        3       16        6       0

TOTAL           Name                               Link     Load   Length     Space
        CLASS   STACK          

        CLASS   CODE           
                end_init                              0        0        3         0
                cinit                               7F1      7F1        F         0
                text18                              2D9      2D9       5F         0
                text17                              126      126        7         0
                text16                              117      117        5         0
                text15                              185      185       21         0
                text14                              114      114        3         0
                text13                              156      156       17         0
                text12                              143      143       13         0
                text11                              29A      29A       3F         0
                text10                              1F5      1F5       34         0
                text9                               338      338       7F         0
                text8                               11C      11C        5         0
                text7                               135      135        E         0
                text6                               1CA      1CA       2B         0
                text5                               121      121        5         0
                text4                               25D      25D       3D         0
                text3                               16D      16D       18         0
                text2                               229      229       34         0
                text1                               1A6      1A6       24         0
                maintext                            3B7      3B7      43A         0
                clrtext                             12D      12D        8         0

        CLASS   STRCODE        

        CLASS   STRING         
                strings                               3        3       16         0

        CLASS   CONST          

        CLASS   ENTRY          

        CLASS   COMMON         
                cstackCOMMON                         70       70        C         1
                bssCOMMON                            7C       7C        2         1

        CLASS   BANK0          
                cstackBANK0                          35       35        D         1
                bssBANK0                             20       20       15         1

        CLASS   BANK1          

        CLASS   BANK2          

        CLASS   BANK3          

        CLASS   RAM            

        CLASS   ABS1           
                abs_s1                               7E       7E        2         1

        CLASS   SFR0           

        CLASS   SFR1           

        CLASS   SFR2           

        CLASS   SFR3           

        CLASS   CONFIG         
                config                             2007     2007        1         0

        CLASS   IDLOC          

        CLASS   EEDATA         



SEGMENTS        Name                           Load    Length   Top    Selector   Space  Class     Delta

                reset_vec                      000000  000003  000003         0       0  CODE        2
                strings                        000003  000016  000019         6       0  STRING      2
                bssBANK0                       000020  000022  000042        20       1  BANK0       1
                cstackCOMMON                   000070  00000E  00007E        70       1  COMMON      1
                text14                         000114  000003  000117       228       0  CODE        2
                text16                         000117  000005  00011C       22E       0  CODE        2
                text8                          00011C  000005  000121       238       0  CODE        2
                text5                          000121  000005  000126       242       0  CODE        2
                text17                         000126  000007  00012D       24C       0  CODE        2
                clrtext                        00012D  000008  000135       25A       0  CODE        2
                text7                          000135  00000E  000143       26A       0  CODE        2
                text12                         000143  000013  000156       286       0  CODE        2
                text13                         000156  000017  00016D       2AC       0  CODE        2
                text3                          00016D  000018  000185       2DA       0  CODE        2
                text15                         000185  000021  0001A6       30A       0  CODE        2
                text1                          0001A6  000024  0001CA       34C       0  CODE        2
                text6                          0001CA  00002B  0001F5       394       0  CODE        2
                text10                         0001F5  000034  000229       3EA       0  CODE        2
                text2                          000229  000034  00025D       452       0  CODE        2
                text4                          00025D  00003D  00029A       4BA       0  CODE        2
                text11                         00029A  00003F  0002D9       534       0  CODE        2
                text18                         0002D9  00005F  000338       5B2       0  CODE        2
                text9                          000338  00007F  0003B7       670       0  CODE        2
                maintext                       0003B7  00043A  0007F1       76E       0  CODE        2
                cinit                          0007F1  00000F  000800       FE2       0  CODE        2
                config                         002007  000001  002008      400E       0  CONFIG      2


UNUSED ADDRESS RANGES

        Name                Unused          Largest block    Delta
        BANK0            0042-006F             2E           1
        BANK1            00A0-00EF             50           1
        BANK2            0110-016F             60           1
        BANK3            0190-01EF             60           1
        CODE             0019-0113             FB           2
                         0800-1FFF            800
        CONFIG           2008-2008              1           2
        CONST            0019-0113             E7           2
                         0800-1FFF            100
        EEDATA           2100-21FF            100           2
        ENTRY            0019-0113             E7           2
                         0800-1FFF            100
        IDLOC            2000-2003              4           2
        RAM              0042-006F             2E           1
                         00A0-00EF             50
                         0110-016F             60
                         0190-01EF             60
        SFR0             0000-001F             20           1
        SFR1             0080-009F             20           1
        SFR2             0100-010F             10           1
        SFR3             0180-018F             10           1
        STACK            0110-016F             60           1
        STRCODE          0019-0113             FB           2
                         0800-1FFF           1800
        STRING           0019-0113             E7           2
                         0800-1FFF            100

                                  Symbol Table

_ANSELH                     (abs)        0189
_ANSELbits                  (abs)        0188
_KEYBOARDbits               (abs)        0006
_LCD                        (abs)        0008
_OPTION_REGbits             (abs)        0081
_PORTAbits                  (abs)        0005
_PORTB                      (abs)        0006
_PORTEbits                  (abs)        0009
_SERIALIO                   (abs)        0009
_TRISAbits                  (abs)        0085
_TRISB                      (abs)        0086
_TRISD                      (abs)        0088
_TRISEbits                  (abs)        0089
_WPUB                       (abs)        0095
__CFG_FOSC$INTRC_NOCLKOUT   (abs)        0000
__CFG_LVP$OFF               (abs)        0000
__CFG_MCLRE$OFF             (abs)        0000
__CFG_WDTE$OFF              (abs)        0000
__Habs1                     abs1         0000
__Hbank0                    bank0        0000
__Hbank1                    bank1        0000
__Hbank2                    bank2        0000
__Hbank3                    bank3        0000
__HbssBANK0                 bssBANK0     0000
__HbssCOMMON                bssCOMMON    0000
__Hcinit                    cinit        0800
__Hclrtext                  clrtext      0000
__Hcode                     code         0000
__Hcommon                   common       0000
__Hconfig                   config       2008
__HcstackBANK0              cstackBANK0  0000
__HcstackCOMMON             cstackCOMMON 0000
__Heeprom_data              eeprom_data  0000
__Hend_init                 end_init     0003
__Hfunctab                  functab      0000
__Hidloc                    idloc        0000
__Hinit                     init         0000
__Hintentry                 intentry     0000
__Hmaintext                 maintext     0000
__Hpowerup                  powerup      0000
__Hram                      ram          0000
__Hreset_vec                reset_vec    0000
__Hsfr0                     sfr0         0000
__Hsfr1                     sfr1         0000
__Hsfr2                     sfr2         0000
__Hsfr3                     sfr3         0000
__Hspace_0                  (abs)        2008
__Hspace_1                  (abs)        007E
__Hspace_2                  (abs)        0000
__Hspace_3                  (abs)        0000
__Hstack                    stack        0000
__Hstrings                  strings      0000
__Htext                     text         0000
__Labs1                     abs1         0000
__Lbank0                    bank0        0000
__Lbank1                    bank1        0000
__Lbank2                    bank2        0000
__Lbank3                    bank3        0000
__LbssBANK0                 bssBANK0     0000
__LbssCOMMON                bssCOMMON    0000
__Lcinit                    cinit        07F1
__Lclrtext                  clrtext      0000
__Lcode                     code         0000
__Lcommon                   common       0000
__Lconfig                   config       2007
__LcstackBANK0              cstackBANK0  0000
__LcstackCOMMON             cstackCOMMON 0000
__Leeprom_data              eeprom_data  0000
__Lend_init                 end_init     0000
__Lfunctab                  functab      0000
__Lidloc                    idloc        0000
__Linit                     init         0000
__Lintentry                 intentry     0000
__Lmaintext                 maintext     0000
__Lpowerup                  powerup      0000
__Lram                      ram          0000
__Lreset_vec                reset_vec    0000
__Lsfr0                     sfr0         0000
__Lsfr1                     sfr1         0000
__Lsfr2                     sfr2         0000
__Lsfr3                     sfr3         0000
__Lspace_0                  (abs)        0000
__Lspace_1                  (abs)        0000
__Lspace_2                  (abs)        0000
__Lspace_3                  (abs)        0000
__Lstack                    stack        0000
__Lstrings                  strings      0000
__Ltext                     text         0000
__S0                        (abs)        2008
__S1                        (abs)        007E
__S2                        (abs)        0000
__S3                        (abs)        0000
___int_sp                   stack        0000
___latbits                  (abs)        0002
___sp                       stack        0000
__end_of__initialization    cinit        07FC
__end_of__stringtab         strings      0009
__end_of_clearLCD           text17       012D
__end_of_cmdLCD             text18       0338
__end_of_currentKey         text16       011C
__end_of_delFIFO            text15       01A6
__end_of_displayFIFO        text14       0117
__end_of_getFIFO            text13       016D
__end_of_gotoxy             text3        0185
__end_of_initKeyboard       text12       0156
__end_of_initLCD            text11       02D9
__end_of_initSerialIO       text10       0229
__end_of_keyboardMatrix     strings      0019
__end_of_keyboardScan       text9        03B7
__end_of_main               maintext     07F1
__end_of_previousKey        text8        0121
__end_of_putFIFO            text7        0143
__end_of_putLCD             text2        025D
__end_of_serialIObyteShift  text6        01F5
__end_of_serialIOload       text5        0126
__end_of_serialIOscan       text4        029A
__end_of_writeLCD           text1        01CA
__initialization            cinit        07F1
__pbssBANK0                 bssBANK0     0020
__pbssCOMMON                bssCOMMON    007C
__pcstackBANK0              cstackBANK0  0035
__pcstackCOMMON             cstackCOMMON 0070
__pmaintext                 maintext     03B7
__pstrings                  strings      0003
__ptext1                    text1        01A6
__ptext10                   text10       01F5
__ptext11                   text11       029A
__ptext12                   text12       0143
__ptext13                   text13       0156
__ptext14                   text14       0114
__ptext15                   text15       0185
__ptext16                   text16       0117
__ptext17                   text17       0126
__ptext18                   text18       02D9
__ptext2                    text2        0229
__ptext3                    text3        016D
__ptext4                    text4        025D
__ptext5                    text5        0121
__ptext6                    text6        01CA
__ptext7                    text7        0135
__ptext8                    text8        011C
__ptext9                    text9        0338
__size_of_clearLCD          (abs)        0000
__size_of_cmdLCD            (abs)        0000
__size_of_currentKey        (abs)        0000
__size_of_delFIFO           (abs)        0000
__size_of_displayFIFO       (abs)        0000
__size_of_getFIFO           (abs)        0000
__size_of_gotoxy            (abs)        0000
__size_of_initKeyboard      (abs)        0000
__size_of_initLCD           (abs)        0000
__size_of_initSerialIO      (abs)        0000
__size_of_keyboardScan      (abs)        0000
__size_of_main              (abs)        0000
__size_of_previousKey       (abs)        0000
__size_of_putFIFO           (abs)        0000
__size_of_putLCD            (abs)        0000
__size_of_serialIObyteShift (abs)        0000
__size_of_serialIOload      (abs)        0000
__size_of_serialIOscan      (abs)        0000
__size_of_writeLCD          (abs)        0000
__stringbase                strings      0008
__stringtab                 strings      0003
_clearLCD                   text17       0126
_cmdLCD                     text18       02D9
_currKey                    bssBANK0     0023
_currentKey                 text16       0117
_delFIFO                    text15       0185
_displayFIFO                text14       0114
_fifo                       bssBANK0     0025
_fifoHead                   bssCOMMON    007D
_fifoTail                   bssCOMMON    007C
_getFIFO                    text13       0156
_gotoxy                     text3        016D
_initKeyboard               text12       0143
_initLCD                    text11       029A
_initSerialIO               text10       01F5
_keyboardMatrix             strings      0009
_keyboardScan               text9        0338
_lenSerialIO                bssBANK0     0020
_main                       maintext     03B7
_prevKey                    bssBANK0     0024
_previousKey                text8        011C
_ptrSerialIn                bssBANK0     0022
_ptrSerialOut               bssBANK0     0021
_putFIFO                    text7        0135
_putLCD                     text2        0229
_serialIObyteShift          text6        01CA
_serialIOload               text5        0121
_serialIOscan               text4        025D
_writeLCD                   text1        01A6
btemp                       (abs)        007E
clear_ram0                  clrtext      012D
cmdLCD@cmd                  cstackCOMMON 0072
cmdLCD@nibble               cstackCOMMON 0073
delFIFO@n                   cstackCOMMON 0071
delFIFO@ret                 cstackCOMMON 0072
end_of_initialization       cinit        07FC
getFIFO@aux                 cstackCOMMON 0071
gotoxy@x                    cstackCOMMON 0077
gotoxy@y                    cstackCOMMON 0074
initSerialIO@length         cstackCOMMON 0071
initSerialIO@ptrIn          cstackCOMMON 0073
initSerialIO@ptrOut         cstackCOMMON 0070
intlevel0                   functab      0000
intlevel1                   functab      0000
intlevel2                   functab      0000
intlevel3                   functab      0000
intlevel4                   functab      0000
intlevel5                   functab      0000
keyboardScan@aux            cstackCOMMON 0078
keyboardScan@i              cstackCOMMON 0079
keyboardScan@j              cstackCOMMON 007A
main@a                      cstackBANK0  0038
main@atuador                cstackBANK0  003C
main@b                      cstackBANK0  0039
main@c                      cstackBANK0  003A
main@d                      cstackBANK0  003B
main@estado                 cstackBANK0  003F
main@rest                   cstackBANK0  0041
main@sensor                 cstackBANK0  003D
main@tecla                  cstackBANK0  003E
putFIFO@c                   cstackCOMMON 0071
putLCD@c                    cstackCOMMON 0072
putLCD@nibble               cstackCOMMON 0073
reset_vec                   reset_vec    0000
serialIObyteShift@dataBit   cstackCOMMON 0073
serialIObyteShift@dataIn    cstackCOMMON 0071
serialIObyteShift@dataOut   cstackCOMMON 0072
serialIOscan@i              cstackCOMMON 0078
serialIOscan@j              cstackCOMMON 0077
stackhi                     (abs)        0000
stacklo                     (abs)        0000
start                       init         0000
start_initialization        cinit        07F1
writeLCD@ptr                cstackCOMMON 0079
writeLCD@x                  cstackCOMMON 007B
writeLCD@y                  cstackCOMMON 0078
wtemp0                      (abs)        007E


FUNCTION INFORMATION:

 *************** function _main *****************
 Defined at:
		line 48 in file "main.c"
 Parameters:    Size  Location     Type
		None
 Auto vars:     Size  Location     Type
  estado          2   10[BANK0 ] int 
  rest            1   12[BANK0 ] unsigned char 
  tecla           1    9[BANK0 ] unsigned char 
  sensor          1    8[BANK0 ] struct .
  atuador         1    7[BANK0 ] struct .
  d               1    6[BANK0 ] unsigned char 
  c               1    5[BANK0 ] unsigned char 
  b               1    4[BANK0 ] unsigned char 
  a               1    3[BANK0 ] unsigned char 
 Return value:  Size  Location     Type
                  1    wreg      void 
 Registers used:
		wreg, fsr0l, fsr0h, status,2, status,0, pclath, cstack
 Tracked objects:
		On entry : 
		On exit  : 
		Unchanged: 
 Data sizes:     COMMON   BANK0   BANK1   BANK3   BANK2
      Params:         0       0       0       0       0
      Locals:         0      10       0       0       0
      Temps:          0       3       0       0       0
      Totals:         0      13       0       0       0
Total ram usage:       13 bytes
 Hardware stack levels required when called:    3
 This function calls:
		_clearLCD
		_currentKey
		_delFIFO
		_displayFIFO
		_getFIFO
		_initKeyboard
		_initLCD
		_initSerialIO
		_keyboardScan
		_previousKey
		_putFIFO
		_serialIOscan
		_writeLCD
 This function is called by:
		Startup code after reset
 This function uses a non-reentrant model


 *************** function _writeLCD *****************
 Defined at:
		line 82 in file "lcd.c"
 Parameters:    Size  Location     Type
  x               1    wreg     unsigned char 
  y               1    8[COMMON] unsigned char 
  ptr             1    9[COMMON] PTR const unsigned char 
		 -> fifo(16), 
 Auto vars:     Size  Location     Type
  x               1   11[COMMON] unsigned char 
 Return value:  Size  Location     Type
                  1    wreg      void 
 Registers used:
		wreg, fsr0l, fsr0h, status,2, status,0, pclath, cstack
 Tracked objects:
		On entry : 
		On exit  : 
		Unchanged: 
 Data sizes:     COMMON   BANK0   BANK1   BANK3   BANK2
      Params:         2       0       0       0       0
      Locals:         1       0       0       0       0
      Temps:          1       0       0       0       0
      Totals:         4       0       0       0       0
Total ram usage:        4 bytes
 Hardware stack levels used:    1
 Hardware stack levels required when called:    2
 This function calls:
		_gotoxy
		_putLCD
 This function is called by:
		_main
 This function uses a non-reentrant model


 *************** function _putLCD *****************
 Defined at:
		line 61 in file "lcd.c"
 Parameters:    Size  Location     Type
  c               1    wreg     unsigned char 
 Auto vars:     Size  Location     Type
  c               1    2[COMMON] unsigned char 
  nibble          1    3[COMMON] volatile struct .
 Return value:  Size  Location     Type
                  1    wreg      void 
 Registers used:
		wreg, status,2, status,0
 Tracked objects:
		On entry : 
		On exit  : 
		Unchanged: 
 Data sizes:     COMMON   BANK0   BANK1   BANK3   BANK2
      Params:         0       0       0       0       0
      Locals:         2       0       0       0       0
      Temps:          2       0       0       0       0
      Totals:         4       0       0       0       0
Total ram usage:        4 bytes
 Hardware stack levels used:    1
 This function calls:
		Nothing
 This function is called by:
		_writeLCD
 This function uses a non-reentrant model


 *************** function _gotoxy *****************
 Defined at:
		line 78 in file "lcd.c"
 Parameters:    Size  Location     Type
  x               1    wreg     unsigned char 
  y               1    4[COMMON] unsigned char 
 Auto vars:     Size  Location     Type
  x               1    7[COMMON] unsigned char 
 Return value:  Size  Location     Type
                  1    wreg      void 
 Registers used:
		wreg, status,2, status,0, pclath, cstack
 Tracked objects:
		On entry : 
		On exit  : 
		Unchanged: 
 Data sizes:     COMMON   BANK0   BANK1   BANK3   BANK2
      Params:         1       0       0       0       0
      Locals:         1       0       0       0       0
      Temps:          2       0       0       0       0
      Totals:         4       0       0       0       0
Total ram usage:        4 bytes
 Hardware stack levels used:    1
 Hardware stack levels required when called:    1
 This function calls:
		_cmdLCD
 This function is called by:
		_writeLCD
 This function uses a non-reentrant model


 *************** function _serialIOscan *****************
 Defined at:
		line 76 in file "serialIO.c"
 Parameters:    Size  Location     Type
		None
 Auto vars:     Size  Location     Type
  i               1    8[COMMON] unsigned char 
  j               1    7[COMMON] unsigned char 
 Return value:  Size  Location     Type
                  1    wreg      void 
 Registers used:
		wreg, fsr0l, fsr0h, status,2, status,0, pclath, cstack
 Tracked objects:
		On entry : 
		On exit  : 
		Unchanged: 
 Data sizes:     COMMON   BANK0   BANK1   BANK3   BANK2
      Params:         0       0       0       0       0
      Locals:         2       0       0       0       0
      Temps:          3       0       0       0       0
      Totals:         5       0       0       0       0
Total ram usage:        5 bytes
 Hardware stack levels used:    1
 Hardware stack levels required when called:    1
 This function calls:
		_serialIObyteShift
		_serialIOload
 This function is called by:
		_main
 This function uses a non-reentrant model


 *************** function _serialIOload *****************
 Defined at:
		line 45 in file "serialIO.c"
 Parameters:    Size  Location     Type
		None
 Auto vars:     Size  Location     Type
		None
 Return value:  Size  Location     Type
                  1    wreg      void 
 Registers used:
		None
 Tracked objects:
		On entry : 
		On exit  : 
		Unchanged: 
 Data sizes:     COMMON   BANK0   BANK1   BANK3   BANK2
      Params:         0       0       0       0       0
      Locals:         0       0       0       0       0
      Temps:          0       0       0       0       0
      Totals:         0       0       0       0       0
Total ram usage:        0 bytes
 Hardware stack levels used:    1
 This function calls:
		Nothing
 This function is called by:
		_serialIOscan
 This function uses a non-reentrant model


 *************** function _serialIObyteShift *****************
 Defined at:
		line 50 in file "serialIO.c"
 Parameters:    Size  Location     Type
  dataIn          1    wreg     unsigned char 
 Auto vars:     Size  Location     Type
  dataIn          1    1[COMMON] unsigned char 
  dataBit         1    3[COMMON] unsigned char 
  dataOut         1    2[COMMON] unsigned char 
 Return value:  Size  Location     Type
                  1    wreg      unsigned char 
 Registers used:
		wreg, status,2, status,0
 Tracked objects:
		On entry : 
		On exit  : 
		Unchanged: 
 Data sizes:     COMMON   BANK0   BANK1   BANK3   BANK2
      Params:         0       0       0       0       0
      Locals:         3       0       0       0       0
      Temps:          1       0       0       0       0
      Totals:         4       0       0       0       0
Total ram usage:        4 bytes
 Hardware stack levels used:    1
 This function calls:
		Nothing
 This function is called by:
		_serialIOscan
 This function uses a non-reentrant model


 *************** function _putFIFO *****************
 Defined at:
		line 17 in file "fifo.c"
 Parameters:    Size  Location     Type
  c               1    wreg     unsigned char 
 Auto vars:     Size  Location     Type
  c               1    1[COMMON] unsigned char 
 Return value:  Size  Location     Type
                  1    wreg      void 
 Registers used:
		wreg, fsr0l, fsr0h, status,2, status,0
 Tracked objects:
		On entry : 
		On exit  : 
		Unchanged: 
 Data sizes:     COMMON   BANK0   BANK1   BANK3   BANK2
      Params:         0       0       0       0       0
      Locals:         1       0       0       0       0
      Temps:          1       0       0       0       0
      Totals:         2       0       0       0       0
Total ram usage:        2 bytes
 Hardware stack levels used:    1
 This function calls:
		Nothing
 This function is called by:
		_main
 This function uses a non-reentrant model


 *************** function _previousKey *****************
 Defined at:
		line 55 in file "keyboard.c"
 Parameters:    Size  Location     Type
		None
 Auto vars:     Size  Location     Type
		None
 Return value:  Size  Location     Type
                  1    wreg      unsigned char 
 Registers used:
		wreg
 Tracked objects:
		On entry : 
		On exit  : 
		Unchanged: 
 Data sizes:     COMMON   BANK0   BANK1   BANK3   BANK2
      Params:         0       0       0       0       0
      Locals:         0       0       0       0       0
      Temps:          0       0       0       0       0
      Totals:         0       0       0       0       0
Total ram usage:        0 bytes
 Hardware stack levels used:    1
 This function calls:
		Nothing
 This function is called by:
		_main
 This function uses a non-reentrant model


 *************** function _keyboardScan *****************
 Defined at:
		line 75 in file "keyboard.c"
 Parameters:    Size  Location     Type
		None
 Auto vars:     Size  Location     Type
  j               1   10[COMMON] unsigned char 
  i               1    9[COMMON] unsigned char 
  aux             1    8[COMMON] unsigned char 
 Return value:  Size  Location     Type
                  1    wreg      unsigned char 
 Registers used:
		wreg, fsr0l, fsr0h, status,2, status,0, pclath
 Tracked objects:
		On entry : 
		On exit  : 
		Unchanged: 
 Data sizes:     COMMON   BANK0   BANK1   BANK3   BANK2
      Params:         0       0       0       0       0
      Locals:         3       0       0       0       0
      Temps:          8       0       0       0       0
      Totals:        11       0       0       0       0
Total ram usage:       11 bytes
 Hardware stack levels used:    2
 This function calls:
		Nothing
 This function is called by:
		_main
 This function uses a non-reentrant model


 *************** function _initSerialIO *****************
 Defined at:
		line 89 in file "serialIO.c"
 Parameters:    Size  Location     Type
  ptrIn           1    wreg     PTR unsigned char 
		 -> main@sensor(1), 
  ptrOut          1    0[COMMON] PTR unsigned char 
		 -> main@atuador(1), 
  length          1    1[COMMON] unsigned char 
 Auto vars:     Size  Location     Type
  ptrIn           1    3[COMMON] PTR unsigned char 
		 -> main@sensor(1), 
 Return value:  Size  Location     Type
                  1    wreg      void 
 Registers used:
		wreg
 Tracked objects:
		On entry : 
		On exit  : 
		Unchanged: 
 Data sizes:     COMMON   BANK0   BANK1   BANK3   BANK2
      Params:         2       0       0       0       0
      Locals:         1       0       0       0       0
      Temps:          1       0       0       0       0
      Totals:         4       0       0       0       0
Total ram usage:        4 bytes
 Hardware stack levels used:    1
 This function calls:
		Nothing
 This function is called by:
		_main
 This function uses a non-reentrant model


 *************** function _initLCD *****************
 Defined at:
		line 15 in file "lcd.c"
 Parameters:    Size  Location     Type
		None
 Auto vars:     Size  Location     Type
		None
 Return value:  Size  Location     Type
                  1    wreg      void 
 Registers used:
		wreg, status,2, status,0, pclath, cstack
 Tracked objects:
		On entry : 
		On exit  : 
		Unchanged: 
 Data sizes:     COMMON   BANK0   BANK1   BANK3   BANK2
      Params:         0       0       0       0       0
      Locals:         0       0       0       0       0
      Temps:          2       0       0       0       0
      Totals:         2       0       0       0       0
Total ram usage:        2 bytes
 Hardware stack levels used:    1
 Hardware stack levels required when called:    1
 This function calls:
		_cmdLCD
 This function is called by:
		_main
 This function uses a non-reentrant model


 *************** function _initKeyboard *****************
 Defined at:
		line 103 in file "keyboard.c"
 Parameters:    Size  Location     Type
		None
 Auto vars:     Size  Location     Type
		None
 Return value:  Size  Location     Type
                  1    wreg      void 
 Registers used:
		wreg, status,2
 Tracked objects:
		On entry : 
		On exit  : 
		Unchanged: 
 Data sizes:     COMMON   BANK0   BANK1   BANK3   BANK2
      Params:         0       0       0       0       0
      Locals:         0       0       0       0       0
      Temps:          0       0       0       0       0
      Totals:         0       0       0       0       0
Total ram usage:        0 bytes
 Hardware stack levels used:    1
 This function calls:
		Nothing
 This function is called by:
		_main
 This function uses a non-reentrant model


 *************** function _getFIFO *****************
 Defined at:
		line 23 in file "fifo.c"
 Parameters:    Size  Location     Type
		None
 Auto vars:     Size  Location     Type
  aux             1    1[COMMON] unsigned char 
 Return value:  Size  Location     Type
                  1    wreg      unsigned char 
 Registers used:
		wreg, fsr0l, fsr0h, status,2, status,0
 Tracked objects:
		On entry : 
		On exit  : 
		Unchanged: 
 Data sizes:     COMMON   BANK0   BANK1   BANK3   BANK2
      Params:         0       0       0       0       0
      Locals:         1       0       0       0       0
      Temps:          1       0       0       0       0
      Totals:         2       0       0       0       0
Total ram usage:        2 bytes
 Hardware stack levels used:    1
 This function calls:
		Nothing
 This function is called by:
		_main
 This function uses a non-reentrant model


 *************** function _displayFIFO *****************
 Defined at:
		line 40 in file "fifo.c"
 Parameters:    Size  Location     Type
		None
 Auto vars:     Size  Location     Type
		None
 Return value:  Size  Location     Type
                  1    wreg      PTR void 
 Registers used:
		wreg
 Tracked objects:
		On entry : 
		On exit  : 
		Unchanged: 
 Data sizes:     COMMON   BANK0   BANK1   BANK3   BANK2
      Params:         0       0       0       0       0
      Locals:         0       0       0       0       0
      Temps:          0       0       0       0       0
      Totals:         0       0       0       0       0
Total ram usage:        0 bytes
 Hardware stack levels used:    1
 This function calls:
		Nothing
 This function is called by:
		_main
 This function uses a non-reentrant model


 *************** function _delFIFO *****************
 Defined at:
		line 45 in file "fifo.c"
 Parameters:    Size  Location     Type
  n               1    wreg     unsigned char 
 Auto vars:     Size  Location     Type
  n               1    1[COMMON] unsigned char 
  ret             1    2[COMMON] unsigned char 
 Return value:  Size  Location     Type
                  1    wreg      unsigned char 
 Registers used:
		wreg, fsr0l, fsr0h, status,2, status,0
 Tracked objects:
		On entry : 
		On exit  : 
		Unchanged: 
 Data sizes:     COMMON   BANK0   BANK1   BANK3   BANK2
      Params:         0       0       0       0       0
      Locals:         2       0       0       0       0
      Temps:          1       0       0       0       0
      Totals:         3       0       0       0       0
Total ram usage:        3 bytes
 Hardware stack levels used:    1
 This function calls:
		Nothing
 This function is called by:
		_main
 This function uses a non-reentrant model


 *************** function _currentKey *****************
 Defined at:
		line 65 in file "keyboard.c"
 Parameters:    Size  Location     Type
		None
 Auto vars:     Size  Location     Type
		None
 Return value:  Size  Location     Type
                  1    wreg      unsigned char 
 Registers used:
		wreg
 Tracked objects:
		On entry : 
		On exit  : 
		Unchanged: 
 Data sizes:     COMMON   BANK0   BANK1   BANK3   BANK2
      Params:         0       0       0       0       0
      Locals:         0       0       0       0       0
      Temps:          0       0       0       0       0
      Totals:         0       0       0       0       0
Total ram usage:        0 bytes
 Hardware stack levels used:    1
 This function calls:
		Nothing
 This function is called by:
		_main
 This function uses a non-reentrant model


 *************** function _clearLCD *****************
 Defined at:
		line 98 in file "lcd.c"
 Parameters:    Size  Location     Type
		None
 Auto vars:     Size  Location     Type
		None
 Return value:  Size  Location     Type
                  1    wreg      void 
 Registers used:
		wreg, status,2, status,0, pclath, cstack
 Tracked objects:
		On entry : 
		On exit  : 
		Unchanged: 
 Data sizes:     COMMON   BANK0   BANK1   BANK3   BANK2
      Params:         0       0       0       0       0
      Locals:         0       0       0       0       0
      Temps:          0       0       0       0       0
      Totals:         0       0       0       0       0
Total ram usage:        0 bytes
 Hardware stack levels used:    1
 Hardware stack levels required when called:    1
 This function calls:
		_cmdLCD
 This function is called by:
		_main
 This function uses a non-reentrant model


 *************** function _cmdLCD *****************
 Defined at:
		line 35 in file "lcd.c"
 Parameters:    Size  Location     Type
  cmd             1    wreg     unsigned char 
 Auto vars:     Size  Location     Type
  cmd             1    2[COMMON] unsigned char 
  nibble          1    3[COMMON] volatile struct .
 Return value:  Size  Location     Type
                  1    wreg      void 
 Registers used:
		wreg, status,2, status,0
 Tracked objects:
		On entry : 
		On exit  : 
		Unchanged: 
 Data sizes:     COMMON   BANK0   BANK1   BANK3   BANK2
      Params:         0       0       0       0       0
      Locals:         2       0       0       0       0
      Temps:          2       0       0       0       0
      Totals:         4       0       0       0       0
Total ram usage:        4 bytes
 Hardware stack levels used:    1
 This function calls:
		Nothing
 This function is called by:
		_initLCD
		_gotoxy
		_clearLCD
 This function uses a non-reentrant model



MODULE INFORMATION

Module		Function		Class		Link	Load	Size
serialIO.c
		_serialIOload  		CODE           	0121	0000	6
		_serialIOscan  		CODE           	025D	0000	62
		_initSerialIO  		CODE           	01F5	0000	53
		_serialIObyteShift		CODE           	01CA	0000	44

serialIO.c estimated size: 165

fifo.c
		_displayFIFO   		CODE           	0114	0000	4
		_getFIFO       		CODE           	0156	0000	24
		_putFIFO       		CODE           	0135	0000	15
		_delFIFO       		CODE           	0185	0000	34

fifo.c estimated size: 77

shared
		__stringtab    		STRING         	0003	0000	7
		_keyboardMatrix		STRING         	0009	0000	17
		__initialization		CODE           	07F1	0000	12

shared estimated size: 36

lcd.c
		_putLCD        		CODE           	0229	0000	53
		_cmdLCD        		CODE           	02D9	0000	96
		_gotoxy        		CODE           	016D	0000	25
		_writeLCD      		CODE           	01A6	0000	37
		_initLCD       		CODE           	029A	0000	64
		_clearLCD      		CODE           	0126	0000	8

lcd.c estimated size: 283

main.c
		_main          		CODE           	03B7	0000	1083

main.c estimated size: 1083

keyboard.c
		_initKeyboard  		CODE           	0143	0000	20
		_currentKey    		CODE           	0117	0000	6
		_keyboardScan  		CODE           	0338	0000	128
		_previousKey   		CODE           	011C	0000	6

keyboard.c estimated size: 160

