Microchip MPLAB XC8 Compiler V2.00 ()

Linker command line:

-W-3 --edf=C:\Program Files (x86)\Microchip\xc8\v2.00\pic\dat\en_msgs.txt \
  -cs -h+dist/default/production\sequenciadorProg.X.production.sym \
  --cmf=dist/default/production\sequenciadorProg.X.production.cmf -z \
  -Q16F887 -oC:\Users\18175218\AppData\Local\Temp\s13c.2 \
  -Mdist/default/production/sequenciadorProg.X.production.map -E1 -ver=XC8 \
  --acfsm=1493 -ASTACK=0110h-016fh -pstack=STACK -ACODE=00h-07FFhx4 \
  -ASTRCODE=00h-01FFFh -ASTRING=00h-0FFhx32 -ACONST=00h-0FFhx32 \
  -AENTRY=00h-0FFhx32 -ACOMMON=070h-07Fh -ABANK0=020h-06Fh \
  -ABANK1=0A0h-0EFh -ABANK2=0110h-016Fh -ABANK3=0190h-01EFh \
  -ARAM=020h-06Fh,0A0h-0EFh,0110h-016Fh,0190h-01EFh \
  -AABS1=020h-07Fh,0A0h-0EFh,0110h-016Fh,0190h-01EFh -ASFR0=00h-01Fh \
  -ASFR1=080h-09Fh -ASFR2=0100h-010Fh -ASFR3=0180h-018Fh \
  -preset_vec=00h,intentry,init,end_init -ppowerup=CODE -pcinit=CODE \
  -pfunctab=ENTRY -ACONFIG=02007h-02008h -pconfig=CONFIG -DCONFIG=2 \
  -AIDLOC=02000h-02003h -pidloc=IDLOC -DIDLOC=2 -AEEDATA=00h-0FFh/02100h \
  -peeprom_data=EEDATA -DEEDATA=2 -DCODE=2 -DSTRCODE=2 -DSTRING=2 -DCONST=2 \
  -DENTRY=2 -k C:\Users\18175218\AppData\Local\Temp\s13c.o \
  dist/default/production\sequenciadorProg.X.production.o 

Object code version is 3.11

Machine type is 16F887



                Name                               Link     Load   Length Selector   Space Scale
C:\Users\18175218\AppData\Local\Temp\s13c.o
                end_init                              0        0        3        0       0
                config                             2007     2007        1     400E       0
dist/default/production\sequenciadorProg.X.production.o
                cinit                               7F1      7F1        F      FE2       0
                text18                              22F      22F       5F      45E       0
                text17                               CA       CA        7      194       0
                text16                               BB       BB        5      176       0
                text15                              124      124       21      248       0
                text14                               B8       B8        3      170       0
                text13                              10D      10D       17      21A       0
                text12                               E7       E7       13      1CE       0
                text11                              169      169       2A      2D2       0
                text10                               FA       FA       13      1F4       0
                text9                               30D      30D       AA      61A       0
                text8                               1BE      1BE       34      37C       0
                text7                               28E      28E       7F      51C       0
                text6                               145      145       24      28A       0
                text5                                C0       C0        5      180       0
                text4                                D9       D9        E      1B2       0
                text3                               193      193       2B      326       0
                text2                                C5       C5        5      18A       0
                text1                               1F2      1F2       3D      3E4       0
                maintext                            3B7      3B7      43A      76E       0
                cstackBANK0                          35       35        D       20       1
                cstackCOMMON                         70       70        C       70       1
                clrtext                              D1       D1        8      1A2       0
                bssBANK0                             20       20       15       20       1
                bssCOMMON                            7C       7C        2       70       1
                strings                               3        3       16        6       0

TOTAL           Name                               Link     Load   Length     Space
        CLASS   STACK          

        CLASS   CODE           
                end_init                              0        0        3         0
                cinit                               7F1      7F1        F         0
                text18                              22F      22F       5F         0
                text17                               CA       CA        7         0
                text16                               BB       BB        5         0
                text15                              124      124       21         0
                text14                               B8       B8        3         0
                text13                              10D      10D       17         0
                text12                               E7       E7       13         0
                text11                              169      169       2A         0
                text10                               FA       FA       13         0
                text9                               30D      30D       AA         0
                text8                               1BE      1BE       34         0
                text7                               28E      28E       7F         0
                text6                               145      145       24         0
                text5                                C0       C0        5         0
                text4                                D9       D9        E         0
                text3                               193      193       2B         0
                text2                                C5       C5        5         0
                text1                               1F2      1F2       3D         0
                maintext                            3B7      3B7      43A         0
                clrtext                              D1       D1        8         0

        CLASS   STRCODE        

        CLASS   STRING         
                strings                               3        3       16         0

        CLASS   CONST          

        CLASS   ENTRY          

        CLASS   COMMON         
                cstackCOMMON                         70       70        C         1
                bssCOMMON                            7C       7C        2         1

        CLASS   BANK0          
                cstackBANK0                          35       35        D         1
                bssBANK0                             20       20       15         1

        CLASS   BANK1          

        CLASS   BANK2          

        CLASS   BANK3          

        CLASS   RAM            

        CLASS   ABS1           
                abs_s1                               7E       7E        2         1

        CLASS   SFR0           

        CLASS   SFR1           

        CLASS   SFR2           

        CLASS   SFR3           

        CLASS   CONFIG         
                config                             2007     2007        1         0

        CLASS   IDLOC          

        CLASS   EEDATA         



SEGMENTS        Name                           Load    Length   Top    Selector   Space  Class     Delta

                reset_vec                      000000  000003  000003         0       0  CODE        2
                strings                        000003  000016  000019         6       0  STRING      2
                bssBANK0                       000020  000022  000042        20       1  BANK0       1
                cstackCOMMON                   000070  00000E  00007E        70       1  COMMON      1
                text14                         0000B8  000003  0000BB       170       0  CODE        2
                text16                         0000BB  000005  0000C0       176       0  CODE        2
                text5                          0000C0  000005  0000C5       180       0  CODE        2
                text2                          0000C5  000005  0000CA       18A       0  CODE        2
                text17                         0000CA  000007  0000D1       194       0  CODE        2
                clrtext                        0000D1  000008  0000D9       1A2       0  CODE        2
                text4                          0000D9  00000E  0000E7       1B2       0  CODE        2
                text12                         0000E7  000013  0000FA       1CE       0  CODE        2
                text10                         0000FA  000013  00010D       1F4       0  CODE        2
                text13                         00010D  000017  000124       21A       0  CODE        2
                text15                         000124  000021  000145       248       0  CODE        2
                text6                          000145  000024  000169       28A       0  CODE        2
                text11                         000169  00002A  000193       2D2       0  CODE        2
                text3                          000193  00002B  0001BE       326       0  CODE        2
                text8                          0001BE  000034  0001F2       37C       0  CODE        2
                text1                          0001F2  00003D  00022F       3E4       0  CODE        2
                text18                         00022F  00005F  00028E       45E       0  CODE        2
                text7                          00028E  00007F  00030D       51C       0  CODE        2
                text9                          00030D  0000AA  0003B7       61A       0  CODE        2
                maintext                       0003B7  00043A  0007F1       76E       0  CODE        2
                cinit                          0007F1  00000F  000800       FE2       0  CODE        2
                config                         002007  000001  002008      400E       0  CONFIG      2


UNUSED ADDRESS RANGES

        Name                Unused          Largest block    Delta
        BANK0            0042-006F             2E           1
        BANK1            00A0-00EF             50           1
        BANK2            0110-016F             60           1
        BANK3            0190-01EF             60           1
        CODE             0019-00B7             9F           2
                         0800-1FFF            800
        CONFIG           2008-2008              1           2
        CONST            0019-00B7             9F           2
                         0800-1FFF            100
        EEDATA           2100-21FF            100           2
        ENTRY            0019-00B7             9F           2
                         0800-1FFF            100
        IDLOC            2000-2003              4           2
        RAM              0042-006F             2E           1
                         00A0-00EF             50
                         0110-016F             60
                         0190-01EF             60
        SFR0             0000-001F             20           1
        SFR1             0080-009F             20           1
        SFR2             0100-010F             10           1
        SFR3             0180-018F             10           1
        STACK            0110-016F             60           1
        STRCODE          0019-00B7             9F           2
                         0800-1FFF           1800
        STRING           0019-00B7             9F           2
                         0800-1FFF            100

                                  Symbol Table

_ANSELH                     (abs)        0189
_ANSELbits                  (abs)        0188
_KEYBOARDbits               (abs)        0006
_LCDbits                    (abs)        0008
_OPTION_REGbits             (abs)        0081
_PORTAbits                  (abs)        0005
_PORTB                      (abs)        0006
_PORTEbits                  (abs)        0009
_SERIALIO                   (abs)        0009
_TRISAbits                  (abs)        0085
_TRISB                      (abs)        0086
_TRISD                      (abs)        0088
_TRISEbits                  (abs)        0089
_WPUB                       (abs)        0095
__CFG_FOSC$INTRC_NOCLKOUT   (abs)        0000
__CFG_LVP$OFF               (abs)        0000
__CFG_MCLRE$OFF             (abs)        0000
__CFG_WDTE$OFF              (abs)        0000
__Habs1                     abs1         0000
__Hbank0                    bank0        0000
__Hbank1                    bank1        0000
__Hbank2                    bank2        0000
__Hbank3                    bank3        0000
__HbssBANK0                 bssBANK0     0000
__HbssCOMMON                bssCOMMON    0000
__Hcinit                    cinit        0800
__Hclrtext                  clrtext      0000
__Hcode                     code         0000
__Hcommon                   common       0000
__Hconfig                   config       2008
__HcstackBANK0              cstackBANK0  0000
__HcstackCOMMON             cstackCOMMON 0000
__Heeprom_data              eeprom_data  0000
__Hend_init                 end_init     0003
__Hfunctab                  functab      0000
__Hidloc                    idloc        0000
__Hinit                     init         0000
__Hintentry                 intentry     0000
__Hmaintext                 maintext     0000
__Hpowerup                  powerup      0000
__Hram                      ram          0000
__Hreset_vec                reset_vec    0000
__Hsfr0                     sfr0         0000
__Hsfr1                     sfr1         0000
__Hsfr2                     sfr2         0000
__Hsfr3                     sfr3         0000
__Hspace_0                  (abs)        2008
__Hspace_1                  (abs)        007E
__Hspace_2                  (abs)        0000
__Hspace_3                  (abs)        0000
__Hstack                    stack        0000
__Hstrings                  strings      0000
__Htext                     text         0000
__Labs1                     abs1         0000
__Lbank0                    bank0        0000
__Lbank1                    bank1        0000
__Lbank2                    bank2        0000
__Lbank3                    bank3        0000
__LbssBANK0                 bssBANK0     0000
__LbssCOMMON                bssCOMMON    0000
__Lcinit                    cinit        07F1
__Lclrtext                  clrtext      0000
__Lcode                     code         0000
__Lcommon                   common       0000
__Lconfig                   config       2007
__LcstackBANK0              cstackBANK0  0000
__LcstackCOMMON             cstackCOMMON 0000
__Leeprom_data              eeprom_data  0000
__Lend_init                 end_init     0000
__Lfunctab                  functab      0000
__Lidloc                    idloc        0000
__Linit                     init         0000
__Lintentry                 intentry     0000
__Lmaintext                 maintext     0000
__Lpowerup                  powerup      0000
__Lram                      ram          0000
__Lreset_vec                reset_vec    0000
__Lsfr0                     sfr0         0000
__Lsfr1                     sfr1         0000
__Lsfr2                     sfr2         0000
__Lsfr3                     sfr3         0000
__Lspace_0                  (abs)        0000
__Lspace_1                  (abs)        0000
__Lspace_2                  (abs)        0000
__Lspace_3                  (abs)        0000
__Lstack                    stack        0000
__Lstrings                  strings      0000
__Ltext                     text         0000
__S0                        (abs)        2008
__S1                        (abs)        007E
__S2                        (abs)        0000
__S3                        (abs)        0000
___int_sp                   stack        0000
___latbits                  (abs)        0002
___sp                       stack        0000
__end_of__initialization    cinit        07FC
__end_of__stringtab         strings      0009
__end_of_clearLCD           text17       00D1
__end_of_currentKey         text16       00C0
__end_of_delFIFO            text15       0145
__end_of_displayFIFO        text14       00BB
__end_of_getFIFO            text13       0124
__end_of_initKeyboard       text12       00FA
__end_of_initLCD            text9        03B7
__end_of_initSerialIO       text8        01F2
__end_of_keyboardMatrix     strings      0019
__end_of_keyboardScan       text7        030D
__end_of_lcd                text6        0169
__end_of_lcdcmd             text18       028E
__end_of_lcddat             text11       0193
__end_of_lcdxy              text10       010D
__end_of_main               maintext     07F1
__end_of_previousKey        text5        00C5
__end_of_putFIFO            text4        00E7
__end_of_serialIObyteShift  text3        01BE
__end_of_serialIOload       text2        00CA
__end_of_serialIOscan       text1        022F
__initialization            cinit        07F1
__pbssBANK0                 bssBANK0     0020
__pbssCOMMON                bssCOMMON    007C
__pcstackBANK0              cstackBANK0  0035
__pcstackCOMMON             cstackCOMMON 0070
__pmaintext                 maintext     03B7
__pstrings                  strings      0003
__ptext1                    text1        01F2
__ptext10                   text10       00FA
__ptext11                   text11       0169
__ptext12                   text12       00E7
__ptext13                   text13       010D
__ptext14                   text14       00B8
__ptext15                   text15       0124
__ptext16                   text16       00BB
__ptext17                   text17       00CA
__ptext18                   text18       022F
__ptext2                    text2        00C5
__ptext3                    text3        0193
__ptext4                    text4        00D9
__ptext5                    text5        00C0
__ptext6                    text6        0145
__ptext7                    text7        028E
__ptext8                    text8        01BE
__ptext9                    text9        030D
__size_of_clearLCD          (abs)        0000
__size_of_currentKey        (abs)        0000
__size_of_delFIFO           (abs)        0000
__size_of_displayFIFO       (abs)        0000
__size_of_getFIFO           (abs)        0000
__size_of_initKeyboard      (abs)        0000
__size_of_initLCD           (abs)        0000
__size_of_initSerialIO      (abs)        0000
__size_of_keyboardScan      (abs)        0000
__size_of_lcd               (abs)        0000
__size_of_lcdcmd            (abs)        0000
__size_of_lcddat            (abs)        0000
__size_of_lcdxy             (abs)        0000
__size_of_main              (abs)        0000
__size_of_previousKey       (abs)        0000
__size_of_putFIFO           (abs)        0000
__size_of_serialIObyteShift (abs)        0000
__size_of_serialIOload      (abs)        0000
__size_of_serialIOscan      (abs)        0000
__stringbase                strings      0008
__stringtab                 strings      0003
_clearLCD                   text17       00CA
_currKey                    bssBANK0     0023
_currentKey                 text16       00BB
_delFIFO                    text15       0124
_displayFIFO                text14       00B8
_fifo                       bssBANK0     0025
_fifoHead                   bssCOMMON    007D
_fifoTail                   bssCOMMON    007C
_getFIFO                    text13       010D
_initKeyboard               text12       00E7
_initLCD                    text9        030D
_initSerialIO               text8        01BE
_keyboardMatrix             strings      0009
_keyboardScan               text7        028E
_lcd                        text6        0145
_lcdcmd                     text18       022F
_lcddat                     text11       0169
_lcdxy                      text10       00FA
_lenSerialIO                bssBANK0     0020
_main                       maintext     03B7
_prevKey                    bssBANK0     0024
_previousKey                text5        00C0
_ptrSerialIn                bssBANK0     0022
_ptrSerialOut               bssBANK0     0021
_putFIFO                    text4        00D9
_serialIObyteShift          text3        0193
_serialIOload               text2        00C5
_serialIOscan               text1        01F2
btemp                       (abs)        007E
clear_ram0                  clrtext      00D1
delFIFO@n                   cstackCOMMON 0071
delFIFO@ret                 cstackCOMMON 0072
end_of_initialization       cinit        07FC
getFIFO@aux                 cstackCOMMON 0071
initLCD@i                   cstackCOMMON 007A
initLCD@j                   cstackCOMMON 007B
initSerialIO@length         cstackCOMMON 0071
initSerialIO@ptrIn          cstackCOMMON 0073
initSerialIO@ptrOut         cstackCOMMON 0070
intlevel0                   functab      0000
intlevel1                   functab      0000
intlevel2                   functab      0000
intlevel3                   functab      0000
intlevel4                   functab      0000
intlevel5                   functab      0000
keyboardScan@aux            cstackCOMMON 0078
keyboardScan@i              cstackCOMMON 0079
keyboardScan@j              cstackCOMMON 007A
lcd@ptr                     cstackCOMMON 0078
lcd@x                       cstackCOMMON 007A
lcd@y                       cstackCOMMON 0077
lcdcmd@cmd                  cstackCOMMON 0072
lcdcmd@nibble               cstackCOMMON 0073
lcddat@dat                  cstackCOMMON 0071
lcddat@nibble               cstackCOMMON 0072
lcdxy@x                     cstackCOMMON 0076
lcdxy@y                     cstackCOMMON 0074
main@a                      cstackBANK0  0038
main@atuador                cstackBANK0  003C
main@b                      cstackBANK0  0039
main@c                      cstackBANK0  003A
main@d                      cstackBANK0  003B
main@estado                 cstackBANK0  003F
main@rest                   cstackBANK0  0041
main@sensor                 cstackBANK0  003D
main@tecla                  cstackBANK0  003E
putFIFO@c                   cstackCOMMON 0071
reset_vec                   reset_vec    0000
serialIObyteShift@dataBit   cstackCOMMON 0073
serialIObyteShift@dataIn    cstackCOMMON 0071
serialIObyteShift@dataOut   cstackCOMMON 0072
serialIOscan@i              cstackCOMMON 0078
serialIOscan@j              cstackCOMMON 0077
stackhi                     (abs)        0000
stacklo                     (abs)        0000
start                       init         0000
start_initialization        cinit        07F1
wtemp0                      (abs)        007E


FUNCTION INFORMATION:

 *************** function _main *****************
 Defined at:
		line 48 in file "main.c"
 Parameters:    Size  Location     Type
		None
 Auto vars:     Size  Location     Type
  estado          2   10[BANK0 ] int 
  rest            1   12[BANK0 ] unsigned char 
  tecla           1    9[BANK0 ] unsigned char 
  sensor          1    8[BANK0 ] struct .
  atuador         1    7[BANK0 ] struct .
  d               1    6[BANK0 ] unsigned char 
  c               1    5[BANK0 ] unsigned char 
  b               1    4[BANK0 ] unsigned char 
  a               1    3[BANK0 ] unsigned char 
 Return value:  Size  Location     Type
                  1    wreg      void 
 Registers used:
		wreg, fsr0l, fsr0h, status,2, status,0, pclath, cstack
 Tracked objects:
		On entry : 
		On exit  : 
		Unchanged: 
 Data sizes:     COMMON   BANK0   BANK1   BANK3   BANK2
      Params:         0       0       0       0       0
      Locals:         0      10       0       0       0
      Temps:          0       3       0       0       0
      Totals:         0      13       0       0       0
Total ram usage:       13 bytes
 Hardware stack levels required when called:    3
 This function calls:
		_clearLCD
		_currentKey
		_delFIFO
		_displayFIFO
		_getFIFO
		_initKeyboard
		_initLCD
		_initSerialIO
		_keyboardScan
		_lcd
		_previousKey
		_putFIFO
		_serialIOscan
 This function is called by:
		Startup code after reset
 This function uses a non-reentrant model


 *************** function _serialIOscan *****************
 Defined at:
		line 76 in file "serialIO.c"
 Parameters:    Size  Location     Type
		None
 Auto vars:     Size  Location     Type
  i               1    8[COMMON] unsigned char 
  j               1    7[COMMON] unsigned char 
 Return value:  Size  Location     Type
                  1    wreg      void 
 Registers used:
		wreg, fsr0l, fsr0h, status,2, status,0, pclath, cstack
 Tracked objects:
		On entry : 
		On exit  : 
		Unchanged: 
 Data sizes:     COMMON   BANK0   BANK1   BANK3   BANK2
      Params:         0       0       0       0       0
      Locals:         2       0       0       0       0
      Temps:          3       0       0       0       0
      Totals:         5       0       0       0       0
Total ram usage:        5 bytes
 Hardware stack levels used:    1
 Hardware stack levels required when called:    1
 This function calls:
		_serialIObyteShift
		_serialIOload
 This function is called by:
		_main
 This function uses a non-reentrant model


 *************** function _serialIOload *****************
 Defined at:
		line 45 in file "serialIO.c"
 Parameters:    Size  Location     Type
		None
 Auto vars:     Size  Location     Type
		None
 Return value:  Size  Location     Type
                  1    wreg      void 
 Registers used:
		None
 Tracked objects:
		On entry : 
		On exit  : 
		Unchanged: 
 Data sizes:     COMMON   BANK0   BANK1   BANK3   BANK2
      Params:         0       0       0       0       0
      Locals:         0       0       0       0       0
      Temps:          0       0       0       0       0
      Totals:         0       0       0       0       0
Total ram usage:        0 bytes
 Hardware stack levels used:    1
 This function calls:
		Nothing
 This function is called by:
		_serialIOscan
 This function uses a non-reentrant model


 *************** function _serialIObyteShift *****************
 Defined at:
		line 50 in file "serialIO.c"
 Parameters:    Size  Location     Type
  dataIn          1    wreg     unsigned char 
 Auto vars:     Size  Location     Type
  dataIn          1    1[COMMON] unsigned char 
  dataBit         1    3[COMMON] unsigned char 
  dataOut         1    2[COMMON] unsigned char 
 Return value:  Size  Location     Type
                  1    wreg      unsigned char 
 Registers used:
		wreg, status,2, status,0
 Tracked objects:
		On entry : 
		On exit  : 
		Unchanged: 
 Data sizes:     COMMON   BANK0   BANK1   BANK3   BANK2
      Params:         0       0       0       0       0
      Locals:         3       0       0       0       0
      Temps:          1       0       0       0       0
      Totals:         4       0       0       0       0
Total ram usage:        4 bytes
 Hardware stack levels used:    1
 This function calls:
		Nothing
 This function is called by:
		_serialIOscan
 This function uses a non-reentrant model


 *************** function _putFIFO *****************
 Defined at:
		line 17 in file "fifo.c"
 Parameters:    Size  Location     Type
  c               1    wreg     unsigned char 
 Auto vars:     Size  Location     Type
  c               1    1[COMMON] unsigned char 
 Return value:  Size  Location     Type
                  1    wreg      void 
 Registers used:
		wreg, fsr0l, fsr0h, status,2, status,0
 Tracked objects:
		On entry : 
		On exit  : 
		Unchanged: 
 Data sizes:     COMMON   BANK0   BANK1   BANK3   BANK2
      Params:         0       0       0       0       0
      Locals:         1       0       0       0       0
      Temps:          1       0       0       0       0
      Totals:         2       0       0       0       0
Total ram usage:        2 bytes
 Hardware stack levels used:    1
 This function calls:
		Nothing
 This function is called by:
		_main
 This function uses a non-reentrant model


 *************** function _previousKey *****************
 Defined at:
		line 55 in file "keyboard.c"
 Parameters:    Size  Location     Type
		None
 Auto vars:     Size  Location     Type
		None
 Return value:  Size  Location     Type
                  1    wreg      unsigned char 
 Registers used:
		wreg
 Tracked objects:
		On entry : 
		On exit  : 
		Unchanged: 
 Data sizes:     COMMON   BANK0   BANK1   BANK3   BANK2
      Params:         0       0       0       0       0
      Locals:         0       0       0       0       0
      Temps:          0       0       0       0       0
      Totals:         0       0       0       0       0
Total ram usage:        0 bytes
 Hardware stack levels used:    1
 This function calls:
		Nothing
 This function is called by:
		_main
 This function uses a non-reentrant model


 *************** function _lcd *****************
 Defined at:
		line 188 in file "lcd4bitBus.c"
 Parameters:    Size  Location     Type
  x               1    wreg     unsigned char 
  y               1    7[COMMON] unsigned char 
  ptr             1    8[COMMON] PTR const unsigned char 
		 -> fifo(16), 
 Auto vars:     Size  Location     Type
  x               1   10[COMMON] unsigned char 
 Return value:  Size  Location     Type
                  1    wreg      void 
 Registers used:
		wreg, fsr0l, fsr0h, status,2, status,0, pclath, cstack
 Tracked objects:
		On entry : 
		On exit  : 
		Unchanged: 
 Data sizes:     COMMON   BANK0   BANK1   BANK3   BANK2
      Params:         2       0       0       0       0
      Locals:         1       0       0       0       0
      Temps:          1       0       0       0       0
      Totals:         4       0       0       0       0
Total ram usage:        4 bytes
 Hardware stack levels used:    1
 Hardware stack levels required when called:    2
 This function calls:
		_lcddat
		_lcdxy
 This function is called by:
		_main
 This function uses a non-reentrant model


 *************** function _keyboardScan *****************
 Defined at:
		line 75 in file "keyboard.c"
 Parameters:    Size  Location     Type
		None
 Auto vars:     Size  Location     Type
  j               1   10[COMMON] unsigned char 
  i               1    9[COMMON] unsigned char 
  aux             1    8[COMMON] unsigned char 
 Return value:  Size  Location     Type
                  1    wreg      unsigned char 
 Registers used:
		wreg, fsr0l, fsr0h, status,2, status,0, pclath
 Tracked objects:
		On entry : 
		On exit  : 
		Unchanged: 
 Data sizes:     COMMON   BANK0   BANK1   BANK3   BANK2
      Params:         0       0       0       0       0
      Locals:         3       0       0       0       0
      Temps:          8       0       0       0       0
      Totals:        11       0       0       0       0
Total ram usage:       11 bytes
 Hardware stack levels used:    2
 This function calls:
		Nothing
 This function is called by:
		_main
 This function uses a non-reentrant model


 *************** function _initSerialIO *****************
 Defined at:
		line 89 in file "serialIO.c"
 Parameters:    Size  Location     Type
  ptrIn           1    wreg     PTR unsigned char 
		 -> main@sensor(1), 
  ptrOut          1    0[COMMON] PTR unsigned char 
		 -> main@atuador(1), 
  length          1    1[COMMON] unsigned char 
 Auto vars:     Size  Location     Type
  ptrIn           1    3[COMMON] PTR unsigned char 
		 -> main@sensor(1), 
 Return value:  Size  Location     Type
                  1    wreg      void 
 Registers used:
		wreg
 Tracked objects:
		On entry : 
		On exit  : 
		Unchanged: 
 Data sizes:     COMMON   BANK0   BANK1   BANK3   BANK2
      Params:         2       0       0       0       0
      Locals:         1       0       0       0       0
      Temps:          1       0       0       0       0
      Totals:         4       0       0       0       0
Total ram usage:        4 bytes
 Hardware stack levels used:    1
 This function calls:
		Nothing
 This function is called by:
		_main
 This function uses a non-reentrant model


 *************** function _initLCD *****************
 Defined at:
		line 243 in file "lcd4bitBus.c"
 Parameters:    Size  Location     Type
		None
 Auto vars:     Size  Location     Type
  j               1   11[COMMON] unsigned char 
  i               1   10[COMMON] unsigned char 
 Return value:  Size  Location     Type
                  1    wreg      void 
 Registers used:
		wreg, status,2, status,0, pclath, cstack
 Tracked objects:
		On entry : 
		On exit  : 
		Unchanged: 
 Data sizes:     COMMON   BANK0   BANK1   BANK3   BANK2
      Params:         0       0       0       0       0
      Locals:         2       0       0       0       0
      Temps:          3       0       0       0       0
      Totals:         5       0       0       0       0
Total ram usage:        5 bytes
 Hardware stack levels used:    1
 Hardware stack levels required when called:    2
 This function calls:
		_lcdcmd
		_lcddat
		_lcdxy
 This function is called by:
		_main
 This function uses a non-reentrant model


 *************** function _lcdxy *****************
 Defined at:
		line 174 in file "lcd4bitBus.c"
 Parameters:    Size  Location     Type
  x               1    wreg     unsigned char 
  y               1    4[COMMON] unsigned char 
 Auto vars:     Size  Location     Type
  x               1    6[COMMON] unsigned char 
 Return value:  Size  Location     Type
                  1    wreg      void 
 Registers used:
		wreg, status,2, status,0, pclath, cstack
 Tracked objects:
		On entry : 
		On exit  : 
		Unchanged: 
 Data sizes:     COMMON   BANK0   BANK1   BANK3   BANK2
      Params:         1       0       0       0       0
      Locals:         1       0       0       0       0
      Temps:          1       0       0       0       0
      Totals:         3       0       0       0       0
Total ram usage:        3 bytes
 Hardware stack levels used:    1
 Hardware stack levels required when called:    1
 This function calls:
		_lcdcmd
 This function is called by:
		_lcd
		_initLCD
 This function uses a non-reentrant model


 *************** function _lcddat *****************
 Defined at:
		line 149 in file "lcd4bitBus.c"
 Parameters:    Size  Location     Type
  dat             1    wreg     unsigned char 
 Auto vars:     Size  Location     Type
  dat             1    1[COMMON] unsigned char 
  nibble          1    2[COMMON] volatile struct .
 Return value:  Size  Location     Type
                  1    wreg      void 
 Registers used:
		wreg, status,2, status,0
 Tracked objects:
		On entry : 
		On exit  : 
		Unchanged: 
 Data sizes:     COMMON   BANK0   BANK1   BANK3   BANK2
      Params:         0       0       0       0       0
      Locals:         2       0       0       0       0
      Temps:          1       0       0       0       0
      Totals:         3       0       0       0       0
Total ram usage:        3 bytes
 Hardware stack levels used:    1
 This function calls:
		Nothing
 This function is called by:
		_lcd
		_initLCD
 This function uses a non-reentrant model


 *************** function _initKeyboard *****************
 Defined at:
		line 103 in file "keyboard.c"
 Parameters:    Size  Location     Type
		None
 Auto vars:     Size  Location     Type
		None
 Return value:  Size  Location     Type
                  1    wreg      void 
 Registers used:
		wreg, status,2
 Tracked objects:
		On entry : 
		On exit  : 
		Unchanged: 
 Data sizes:     COMMON   BANK0   BANK1   BANK3   BANK2
      Params:         0       0       0       0       0
      Locals:         0       0       0       0       0
      Temps:          0       0       0       0       0
      Totals:         0       0       0       0       0
Total ram usage:        0 bytes
 Hardware stack levels used:    1
 This function calls:
		Nothing
 This function is called by:
		_main
 This function uses a non-reentrant model


 *************** function _getFIFO *****************
 Defined at:
		line 23 in file "fifo.c"
 Parameters:    Size  Location     Type
		None
 Auto vars:     Size  Location     Type
  aux             1    1[COMMON] unsigned char 
 Return value:  Size  Location     Type
                  1    wreg      unsigned char 
 Registers used:
		wreg, fsr0l, fsr0h, status,2, status,0
 Tracked objects:
		On entry : 
		On exit  : 
		Unchanged: 
 Data sizes:     COMMON   BANK0   BANK1   BANK3   BANK2
      Params:         0       0       0       0       0
      Locals:         1       0       0       0       0
      Temps:          1       0       0       0       0
      Totals:         2       0       0       0       0
Total ram usage:        2 bytes
 Hardware stack levels used:    1
 This function calls:
		Nothing
 This function is called by:
		_main
 This function uses a non-reentrant model


 *************** function _displayFIFO *****************
 Defined at:
		line 40 in file "fifo.c"
 Parameters:    Size  Location     Type
		None
 Auto vars:     Size  Location     Type
		None
 Return value:  Size  Location     Type
                  1    wreg      PTR void 
 Registers used:
		wreg
 Tracked objects:
		On entry : 
		On exit  : 
		Unchanged: 
 Data sizes:     COMMON   BANK0   BANK1   BANK3   BANK2
      Params:         0       0       0       0       0
      Locals:         0       0       0       0       0
      Temps:          0       0       0       0       0
      Totals:         0       0       0       0       0
Total ram usage:        0 bytes
 Hardware stack levels used:    1
 This function calls:
		Nothing
 This function is called by:
		_main
 This function uses a non-reentrant model


 *************** function _delFIFO *****************
 Defined at:
		line 45 in file "fifo.c"
 Parameters:    Size  Location     Type
  n               1    wreg     unsigned char 
 Auto vars:     Size  Location     Type
  n               1    1[COMMON] unsigned char 
  ret             1    2[COMMON] unsigned char 
 Return value:  Size  Location     Type
                  1    wreg      unsigned char 
 Registers used:
		wreg, fsr0l, fsr0h, status,2, status,0
 Tracked objects:
		On entry : 
		On exit  : 
		Unchanged: 
 Data sizes:     COMMON   BANK0   BANK1   BANK3   BANK2
      Params:         0       0       0       0       0
      Locals:         2       0       0       0       0
      Temps:          1       0       0       0       0
      Totals:         3       0       0       0       0
Total ram usage:        3 bytes
 Hardware stack levels used:    1
 This function calls:
		Nothing
 This function is called by:
		_main
 This function uses a non-reentrant model


 *************** function _currentKey *****************
 Defined at:
		line 65 in file "keyboard.c"
 Parameters:    Size  Location     Type
		None
 Auto vars:     Size  Location     Type
		None
 Return value:  Size  Location     Type
                  1    wreg      unsigned char 
 Registers used:
		wreg
 Tracked objects:
		On entry : 
		On exit  : 
		Unchanged: 
 Data sizes:     COMMON   BANK0   BANK1   BANK3   BANK2
      Params:         0       0       0       0       0
      Locals:         0       0       0       0       0
      Temps:          0       0       0       0       0
      Totals:         0       0       0       0       0
Total ram usage:        0 bytes
 Hardware stack levels used:    1
 This function calls:
		Nothing
 This function is called by:
		_main
 This function uses a non-reentrant model


 *************** function _clearLCD *****************
 Defined at:
		line 276 in file "lcd4bitBus.c"
 Parameters:    Size  Location     Type
		None
 Auto vars:     Size  Location     Type
		None
 Return value:  Size  Location     Type
                  1    wreg      void 
 Registers used:
		wreg, status,2, status,0, pclath, cstack
 Tracked objects:
		On entry : 
		On exit  : 
		Unchanged: 
 Data sizes:     COMMON   BANK0   BANK1   BANK3   BANK2
      Params:         0       0       0       0       0
      Locals:         0       0       0       0       0
      Temps:          0       0       0       0       0
      Totals:         0       0       0       0       0
Total ram usage:        0 bytes
 Hardware stack levels used:    1
 Hardware stack levels required when called:    1
 This function calls:
		_lcdcmd
 This function is called by:
		_main
 This function uses a non-reentrant model


 *************** function _lcdcmd *****************
 Defined at:
		line 115 in file "lcd4bitBus.c"
 Parameters:    Size  Location     Type
  cmd             1    wreg     unsigned char 
 Auto vars:     Size  Location     Type
  cmd             1    2[COMMON] unsigned char 
  nibble          1    3[COMMON] volatile struct .
 Return value:  Size  Location     Type
                  1    wreg      void 
 Registers used:
		wreg, status,2, status,0
 Tracked objects:
		On entry : 
		On exit  : 
		Unchanged: 
 Data sizes:     COMMON   BANK0   BANK1   BANK3   BANK2
      Params:         0       0       0       0       0
      Locals:         2       0       0       0       0
      Temps:          2       0       0       0       0
      Totals:         4       0       0       0       0
Total ram usage:        4 bytes
 Hardware stack levels used:    1
 This function calls:
		Nothing
 This function is called by:
		_lcdxy
		_initLCD
		_clearLCD
 This function uses a non-reentrant model



MODULE INFORMATION

Module		Function		Class		Link	Load	Size
lcd4bitBus.c
		_lcdcmd        		CODE           	022F	0000	96
		_lcd           		CODE           	0145	0000	37
		_lcdxy         		CODE           	00FA	0000	20
		_lcddat        		CODE           	0169	0000	43
		_initLCD       		CODE           	030D	0000	171
		_clearLCD      		CODE           	00CA	0000	8

lcd4bitBus.c estimated size: 375

serialIO.c
		_serialIOload  		CODE           	00C5	0000	6
		_serialIOscan  		CODE           	01F2	0000	62
		_initSerialIO  		CODE           	01BE	0000	53
		_serialIObyteShift		CODE           	0193	0000	44

serialIO.c estimated size: 165

fifo.c
		_displayFIFO   		CODE           	00B8	0000	4
		_getFIFO       		CODE           	010D	0000	24
		_putFIFO       		CODE           	00D9	0000	15
		_delFIFO       		CODE           	0124	0000	34

fifo.c estimated size: 77

shared
		__stringtab    		STRING         	0003	0000	7
		_keyboardMatrix		STRING         	0009	0000	17
		__initialization		CODE           	07F1	0000	12

shared estimated size: 36

main.c
		_main          		CODE           	03B7	0000	1083

main.c estimated size: 1083

keyboard.c
		_initKeyboard  		CODE           	00E7	0000	20
		_currentKey    		CODE           	00BB	0000	6
		_keyboardScan  		CODE           	028E	0000	128
		_previousKey   		CODE           	00C0	0000	6

keyboard.c estimated size: 160

